// Jest Snapshot v1, https://goo.gl/fbAQLP

exports[`TreeSelect should clear selection when clear button is clicked 1`] = `"<input class="treeselected" style="display: none;"><div class="tree-select-wrapper focus"><div class="tree-select-control" tabindex="0">0 selected</div><span class="tree-select-clear">X</span><div class="tree-select-dropdown" style=""><input class="tree-select-search" type="search" placeholder="Search..."><div class="tree-select-loading">Loading...</div></div></div>"`;

exports[`TreeSelect should handle disable and enable 1`] = `"<input class="treeselected" style="display: none;" disabled=""><div class="tree-select-wrapper disabled"><div class="tree-select-control disabled" tabindex="0">0 selected</div><span class="tree-select-clear">X</span><div class="tree-select-dropdown" style="display: none;"><input class="tree-select-search" type="search" placeholder="Search..."><div class="tree-select-loading">Loading...</div></div></div>"`;

exports[`TreeSelect should handle disable and enable 2`] = `"<input class="treeselected" style="display: none;"><div class="tree-select-wrapper"><div class="tree-select-control" tabindex="0">0 selected</div><span class="tree-select-clear">X</span><div class="tree-select-dropdown" style="display: none;"><input class="tree-select-search" type="search" placeholder="Search..."><div class="tree-select-loading">Loading...</div></div></div>"`;

exports[`TreeSelect should handle open and close 1`] = `"<input class="treeselected" style="display: none;"><div class="tree-select-wrapper focus"><div class="tree-select-control" tabindex="0">0 selected</div><span class="tree-select-clear">X</span><div class="tree-select-dropdown" style=""><input class="tree-select-search" type="search" placeholder="Search..."><div class="tree-select-loading">Loading...</div></div></div>"`;

exports[`TreeSelect should handle open and close 2`] = `"<input class="treeselected" style="display: none;"><div class="tree-select-wrapper"><div class="tree-select-control" tabindex="0">0 selected</div><span class="tree-select-clear">X</span><div class="tree-select-dropdown" style="display: none;"><input class="tree-select-search" type="search" placeholder="Search..."><div class="tree-select-loading">Loading...</div></div></div>"`;

exports[`TreeSelect should handle search 1`] = `"<input class="treeselected" style="display: none;"><div class="tree-select-wrapper focus"><div class="tree-select-control" tabindex="0">0 selected</div><span class="tree-select-clear">X</span><div class="tree-select-dropdown" style=""><input class="tree-select-search" type="search" placeholder="Search..."><div class="tree-select-loading">Loading...</div></div></div>"`;

exports[`TreeSelect should initialize with custom settings 1`] = `"<input class="treeselected" style="display: none;"><div class="tree-select-wrapper custom-wrapper focus"><div class="tree-select-control custom-control" tabindex="0">0 items selected</div><div class="tree-select-dropdown" style=""><div class="tree-select-loading">please wait...</div></div></div>"`;

exports[`TreeSelect should initialize with default settings 1`] = `"<input class="treeselected" style="display: none;"><div class="tree-select-wrapper"><div class="tree-select-control" tabindex="0">0 selected</div><span class="tree-select-clear">X</span><div class="tree-select-dropdown" style="display: none;"><input class="tree-select-search" type="search" placeholder="Search..."><div class="tree-select-loading">Loading...</div></div></div>"`;

exports[`TreeSelect should load data from URL 1`] = `"<input class="treeselected" style="display: none;"><div class="tree-select-wrapper"><div class="tree-select-control" tabindex="0">0 selected</div><span class="tree-select-clear">X</span><div class="tree-select-dropdown" style="display: none;"><input class="tree-select-search" type="search" placeholder="Search..."><div class="tree-select-loading" style="display: none;">Loading...</div><div class="tree-select-list-container"><div class="tree-select-list"><div class="tree-select-item"><div class="tree-select-label"><div class="tree-select-collapse collapsed"></div><input class="tree-select-checkbox" type="checkbox"><span class="tree-select-label-span">Parent</span></div><div class="tree-select-children" style="display: none;"><div class="tree-select-item"><div class="tree-select-label"><input class="tree-select-checkbox" type="checkbox"><span class="tree-select-label-span">Child 1</span></div></div><div class="tree-select-item"><div class="tree-select-label"><input class="tree-select-checkbox" type="checkbox"><span class="tree-select-label-span">Child 2</span></div></div></div></div></div></div></div></div>"`;

exports[`TreeSelect should load data from settings 1`] = `"<input class="treeselected" style="display: none;"><div class="tree-select-wrapper"><div class="tree-select-control" tabindex="0">0 selected</div><span class="tree-select-clear">X</span><div class="tree-select-dropdown" style="display: none;"><input class="tree-select-search" type="search" placeholder="Search..."><div class="tree-select-loading" style="display: none;">Loading...</div><div class="tree-select-list-container"><div class="tree-select-list"><div class="tree-select-item"><div class="tree-select-label"><div class="tree-select-collapse collapsed"></div><input class="tree-select-checkbox" type="checkbox"><span class="tree-select-label-span">Parent</span></div><div class="tree-select-children" style="display: none;"><div class="tree-select-item"><div class="tree-select-label"><input class="tree-select-checkbox" type="checkbox"><span class="tree-select-label-span">Child 1</span></div></div><div class="tree-select-item"><div class="tree-select-label"><input class="tree-select-checkbox" type="checkbox"><span class="tree-select-label-span">Child 2</span></div></div></div></div></div></div></div></div>"`;
